Using Python 3.12.3 environment at: /opt/fabricpc-venv
Resolved 102 packages in 861ms
   Building fabricpc @ file:///workspace/FabricPC
Downloading hf-xet (4.3MiB)
Downloading h5py (4.7MiB)
Downloading nvidia-nccl-cu12 (326.3MiB)
Downloading nvidia-cuda-nvcc-cu12 (38.7MiB)
Downloading nvidia-cudnn-cu12 (762.1MiB)
Downloading nvidia-cusparse-cu12 (349.5MiB)
Downloading tensorflow-cpu (261.3MiB)
Downloading nvidia-cufft-cu12 (191.6MiB)
Downloading tensorstore (20.6MiB)
Downloading tokenizers (3.2MiB)
Downloading pygments (1.2MiB)
Downloading uvloop (4.2MiB)
Downloading nvidia-cuda-cupti-cu12 (10.3MiB)
Downloading array-record (4.8MiB)
Downloading jaxlib (83.2MiB)
Downloading numpy (15.9MiB)
Downloading nvidia-nvjitlink-cu12 (37.9MiB)
Downloading nvidia-cublas-cu12 (554.3MiB)
Downloading orbax-checkpoint (1.3MiB)
Downloading jax-cuda12-pjrt (167.7MiB)
Downloading pyarrow (47.8MiB)
Downloading nvidia-cuda-runtime-cu12 (3.3MiB)
Downloading jax-cuda12-plugin (7.8MiB)
Downloading sqlalchemy (3.2MiB)
Downloading nvidia-nvshmem-cu12 (219.5MiB)
Downloading tensorflow-datasets (5.1MiB)
Downloading nvidia-cusolver-cu12 (322.5MiB)
Downloading grpcio (6.7MiB)
Downloading scipy (33.7MiB)
Downloading libclang (23.4MiB)
Downloading nvidia-cuda-cccl-cu12 (3.0MiB)
Downloading jax (3.1MiB)
Downloading nvidia-cuda-nvrtc-cu12 (85.4MiB)
Downloading keras (2.3MiB)
   Building promise==2.3
 Downloading pygments
      Built promise==2.3
 Downloading orbax-checkpoint
 Downloading keras
 Downloading nvidia-cuda-cccl-cu12
 Downloading tokenizers
 Downloading jax
 Downloading nvidia-cuda-runtime-cu12
 Downloading sqlalchemy
 Downloading hf-xet
 Downloading uvloop
 Downloading array-record
 Downloading h5py
 Downloading tensorflow-datasets
 Downloading grpcio
 Downloading jax-cuda12-plugin
 Downloading nvidia-cuda-cupti-cu12
 Downloading numpy
 Downloading tensorstore
 Downloading libclang
      Built fabricpc @ file:///workspace/FabricPC
 Downloading scipy
 Downloading nvidia-nvjitlink-cu12
 Downloading nvidia-cuda-nvcc-cu12
 Downloading pyarrow
 Downloading jaxlib
 Downloading nvidia-cuda-nvrtc-cu12
 Downloading jax-cuda12-pjrt
 Downloading nvidia-cufft-cu12
 Downloading nvidia-nvshmem-cu12
 Downloading tensorflow-cpu
 Downloading nvidia-cusolver-cu12
 Downloading nvidia-nccl-cu12
 Downloading nvidia-cusparse-cu12
 Downloading nvidia-cublas-cu12
 Downloading nvidia-cudnn-cu12
Prepared 101 packages in 22.89s
Installed 102 packages in 1.06s
 + absl-py==2.5.0
 + aiofiles==25.1.0
 + alembic==1.19.1
 + anyio==4.14.2
 + array-record==0.8.3
 + astunparse==1.6.3
 + attrs==26.1.0
 + certifi==2026.7.22
 + charset-normalizer==3.5.1
 + chex==0.1.92
 + click==8.4.2
 + colorlog==6.12.0
 + dm-tree==0.1.10
 + docstring-parser==0.18.0
 + einops==0.8.2
 + etils==1.14.0
 + fabricpc==0.3.2 (from file:///workspace/FabricPC)
 + filelock==3.32.3
 + flatbuffers==25.12.19
 + flax==0.12.8
 + fsspec==2026.7.0
 + gast==0.7.0
 + google-pasta==0.2.0
 + googleapis-common-protos==1.75.1
 + greenlet==3.5.5
 + grpcio==1.83.0
 + h11==0.16.0
 + h5py==3.14.0
 + hf-xet==1.6.0
 + httpcore==1.0.9
 + httpx==0.28.1
 + huggingface-hub==1.27.0
 + humanize==4.16.0
 + idna==3.18
 + immutabledict==4.3.1
 + importlib-resources==7.1.0
 + jax==0.11.0
 + jax-cuda12-pjrt==0.11.0
 + jax-cuda12-plugin==0.11.0
 + jaxlib==0.11.0
 + jaxtyping==0.3.11
 + keras==3.15.1
 + libclang==18.1.1
 + mako==1.4.1
 + markdown-it-py==4.2.0
 + markupsafe==3.0.3
 + mdurl==0.1.2
 + ml-dtypes==0.6.0
 + msgpack==1.2.1
 + namex==0.1.0
 + numpy==2.5.2
 + nvidia-cublas-cu12==12.9.2.10
 + nvidia-cuda-cccl-cu12==12.9.27
 + nvidia-cuda-cupti-cu12==12.9.79
 + nvidia-cuda-nvcc-cu12==12.9.86
 + nvidia-cuda-nvrtc-cu12==12.9.86
 + nvidia-cuda-runtime-cu12==12.9.79
 + nvidia-cudnn-cu12==9.24.0.43
 + nvidia-cufft-cu12==11.4.1.4
 + nvidia-cusolver-cu12==11.7.5.82
 + nvidia-cusparse-cu12==12.5.10.65
 + nvidia-nccl-cu12==2.31.2
 + nvidia-nvjitlink-cu12==12.9.86
 + nvidia-nvshmem-cu12==3.7.2
 + opt-einsum==3.4.0
 + optax==0.2.8
 + optree==0.19.1
 + optuna==4.9.0
 + orbax-checkpoint==0.12.4
 + packaging==26.3
 + prometheus-client==0.26.0
 + promise==2.3
 + protobuf==7.35.1
 + psutil==7.2.2
 + pyarrow==25.0.1
 + pygments==2.20.0
 + pyyaml==6.0.3
 + requests==2.34.2
 + rich==15.0.0
 + scipy==1.18.0
 + setuptools==84.0.0
 + simple-parsing==0.1.9
 + simplejson==4.1.1
 + six==1.17.0
 + sqlalchemy==2.0.52
 + tensorflow-cpu==2.21.0
 + tensorflow-datasets==4.9.10
 + tensorflow-metadata==1.21.0
 + tensorstore==0.1.85
 + termcolor==3.3.0
 + tokenizers==0.23.1
 + toml==0.10.2
 + toolz==1.1.0
 + tqdm==4.70.0
 + treescope==0.1.10
 + typing-extensions==4.16.0
 + urllib3==2.7.0
 + uvloop==0.22.1
 + wadler-lindig==0.1.7
 + wheel==0.48.0
 + wrapt==2.3.0
 + zipp==4.1.0
